MuPDF error: format error: No common ancestor in structure tree

MuPDF error: format error: No common ancestor in structure tree

MuPDF error: format error: No common ancestor in structure tree

MuPDF error: format error: No common ancestor in structure tree

[OK   ] A_Level/Art_and_Design/9AD0_2017_to_PRESENT/Edexcel_ALEVEL_Art_and_Design_9AD0_2017_to_PRESENT_CURRENT.pdf  method=toc sec=1 files=4
[OK   ] A_Level/Biology/8BN01_2008_to_2016/Edexcel_ALEVEL_Biology_8BN01_2008_to_2016_LEGACY.pdf  method=legacy sec=1 files=37
[OK   ] A_Level/Biology/9BI0_2017_to_PRESENT/Edexcel_ALEVEL_Biology_9BI0_2017_to_PRESENT_CURRENT.pdf  method=toc sec=1 files=61
[OK   ] A_Level/Business_Studies/8BS01_2008_to_2016/Edexcel_ALEVEL_Business_Studies_8BS01_2008_to_2016_LEGACY.pdf  method=legacy sec=1 files=5
[OK   ] A_Level/Business_Studies/9BS0_2017_to_PRESENT/Edexcel_ALEVEL_Business_Studies_9BS0_2017_to_PRESENT_CURRENT.pdf  method=toc sec=1 files=22
[OK   ] A_Level/Chemistry/8CH01_2008_to_2016/Edexcel_ALEVEL_Chemistry_8CH01_2008_to_2016_LEGACY.pdf  method=legacy sec=1 files=40
[OK   ] A_Level/Chemistry/9CH0_2017_to_PRESENT/Edexcel_ALEVEL_Chemistry_9CH0_2017_to_PRESENT_CURRENT.pdf  method=toc sec=1 files=39
[OK   ] A_Level/Design_and_Technology/9DT0_2017_to_PRESENT/Edexcel_ALEVEL_Design_and_Technology_9DT0_2017_to_PRESENT_CURRENT.pdf  method=numbered sec=1 files=13
[OK   ] A_Level/Drama/8DR01_2008_to_2016/Edexcel_ALEVEL_Drama_8DR01_2008_to_2016_LEGACY.pdf  method=legacy sec=1 files=22
MuPDF error: format error: No common ancestor in structure tree

MuPDF error: format error: No common ancestor in structure tree

MuPDF error: format error: No common ancestor in structure tree

MuPDF error: format error: No common ancestor in structure tree

MuPDF error: format error: No common ancestor in structure tree

MuPDF error: format error: No common ancestor in structure tree

MuPDF error: format error: No common ancestor in structure tree

MuPDF error: format error: No common ancestor in structure tree

MuPDF error: format error: No common ancestor in structure tree

MuPDF error: format error: No common ancestor in structure tree

MuPDF error: format error: No common ancestor in structure tree

MuPDF error: format error: No common ancestor in structure tree

MuPDF error: format error: No common ancestor in structure tree

MuPDF error: format error: No common ancestor in structure tree

MuPDF error: format error: No common ancestor in structure tree

MuPDF error: format error: No common ancestor in structure tree

MuPDF error: format error: No common ancestor in structure tree

MuPDF error: format error: No common ancestor in structure tree

MuPDF error: format error: No common ancestor in structure tree

MuPDF error: format error: No common ancestor in structure tree

MuPDF error: format error: No common ancestor in structure tree

MuPDF error: format error: No common ancestor in structure tree

MuPDF error: format error: No common ancestor in structure tree

MuPDF error: format error: No common ancestor in structure tree

MuPDF error: format error: No common ancestor in structure tree

MuPDF error: format error: No common ancestor in structure tree

MuPDF error: format error: No common ancestor in structure tree

MuPDF error: format error: No common ancestor in structure tree

MuPDF error: format error: No common ancestor in structure tree

MuPDF error: format error: No common ancestor in structure tree

MuPDF error: format error: No common ancestor in structure tree

MuPDF error: format error: No common ancestor in structure tree

MuPDF error: format error: No common ancestor in structure tree

MuPDF error: format error: No common ancestor in structure tree

MuPDF error: format error: No common ancestor in structure tree

MuPDF error: format error: No common ancestor in structure tree

MuPDF error: format error: No common ancestor in structure tree

MuPDF error: format error: No common ancestor in structure tree

[OK   ] A_Level/Drama/9DR0_2017_to_PRESENT/Edexcel_ALEVEL_Drama_9DR0_2017_to_PRESENT_CURRENT.pdf  method=font sec=1 files=4
[OK   ] A_Level/Economics/8EC01_2008_to_2016/Edexcel_ALEVEL_Economics_8EC01_2008_to_2016_LEGACY.pdf  method=legacy sec=1 files=10
[OK   ] A_Level/Economics/9EC0_2017_to_PRESENT/Edexcel_ALEVEL_Economics_9EC0_2017_to_PRESENT_CURRENT.pdf  method=legacy sec=1 files=4
MuPDF error: format error: No common ancestor in structure tree

MuPDF error: format error: No common ancestor in structure tree

MuPDF error: format error: No common ancestor in structure tree

MuPDF error: format error: No common ancestor in structure tree

MuPDF error: format error: No common ancestor in structure tree

[OK   ] A_Level/English_Language/9EN0_2017_to_PRESENT/Edexcel_ALEVEL_English_Language_9EN0_2017_to_PRESENT_CURRENT.pdf  method=toc sec=1 files=5
[OK   ] A_Level/English_Literature/8ET01_2008_to_2016/Edexcel_ALEVEL_English_Literature_8ET01_2008_to_2016_LEGACY.pdf  method=legacy sec=1 files=22
[OK   ] A_Level/English_Literature/9ET0_2017_to_PRESENT/Edexcel_ALEVEL_English_Literature_9ET0_2017_to_PRESENT_CURRENT.pdf  method=font sec=1 files=3
[OK   ] A_Level/French/8FR01_2008_to_2016/Edexcel_ALEVEL_French_8FR01_2008_to_2016_LEGACY.pdf  method=legacy sec=1 files=16
[OK   ] A_Level/French/9FR0_2017_to_PRESENT/Edexcel_ALEVEL_French_9FR0_2017_to_PRESENT_CURRENT.pdf  method=toc sec=1 files=9
[OK   ] A_Level/Further_Mathematics/9FM0_2017_to_PRESENT/Edexcel_ALEVEL_Further_Mathematics_9FM0_2017_to_PRESENT_CURRENT.pdf  method=toc sec=1 files=60
[OK   ] A_Level/Geography/8GE01_2008_to_2016/Edexcel_ALEVEL_Geography_8GE01_2008_to_2016_LEGACY.pdf  method=legacy sec=1 files=25
MuPDF error: format error: No common ancestor in structure tree

MuPDF error: format error: No common ancestor in structure tree

MuPDF error: format error: No common ancestor in structure tree

MuPDF error: format error: No common ancestor in structure tree

MuPDF error: format error: No common ancestor in structure tree

MuPDF error: format error: No common ancestor in structure tree

MuPDF error: format error: No common ancestor in structure tree

MuPDF error: format error: No common ancestor in structure tree

MuPDF error: format error: No common ancestor in structure tree

MuPDF error: format error: No common ancestor in structure tree

MuPDF error: format error: No common ancestor in structure tree

MuPDF error: format error: No common ancestor in structure tree

MuPDF error: format error: No common ancestor in structure tree

MuPDF error: format error: No common ancestor in structure tree

MuPDF error: format error: No common ancestor in structure tree

MuPDF error: format error: No common ancestor in structure tree

MuPDF error: format error: No common ancestor in structure tree

MuPDF error: format error: No common ancestor in structure tree

MuPDF error: format error: No common ancestor in structure tree

MuPDF error: format error: No common ancestor in structure tree

MuPDF error: format error: No common ancestor in structure tree

MuPDF error: format error: No common ancestor in structure tree

MuPDF error: format error: No common ancestor in structure tree

MuPDF error: format error: No common ancestor in structure tree

MuPDF error: format error: No common ancestor in structure tree

MuPDF error: format error: No common ancestor in structure tree

MuPDF error: format error: No common ancestor in structure tree

MuPDF error: format error: No common ancestor in structure tree

MuPDF error: format error: No common ancestor in structure tree

MuPDF error: format error: No common ancestor in structure tree

MuPDF error: format error: No common ancestor in structure tree

MuPDF error: format error: No common ancestor in structure tree

MuPDF error: format error: No common ancestor in structure tree

MuPDF error: format error: No common ancestor in structure tree

MuPDF error: format error: No common ancestor in structure tree

MuPDF error: format error: No common ancestor in structure tree

MuPDF error: format error: No common ancestor in structure tree

MuPDF error: format error: No common ancestor in structure tree

MuPDF error: format error: No common ancestor in structure tree

MuPDF error: format error: No common ancestor in structure tree

MuPDF error: format error: No common ancestor in structure tree

MuPDF error: format error: No common ancestor in structure tree

MuPDF error: format error: No common ancestor in structure tree

MuPDF error: format error: No common ancestor in structure tree

MuPDF error: format error: No common ancestor in structure tree

MuPDF error: format error: No common ancestor in structure tree

MuPDF error: format error: No common ancestor in structure tree

MuPDF error: format error: No common ancestor in structure tree

MuPDF error: format error: No common ancestor in structure tree

MuPDF error: format error: No common ancestor in structure tree

MuPDF error: format error: No common ancestor in structure tree

MuPDF error: format error: No common ancestor in structure tree

MuPDF error: format error: No common ancestor in structure tree

MuPDF error: format error: No common ancestor in structure tree

MuPDF error: format error: No common ancestor in structure tree

[OK   ] A_Level/Geography/9GE0_2017_to_PRESENT/Edexcel_ALEVEL_Geography_9GE0_2017_to_PRESENT_CURRENT.pdf  method=toc sec=1 files=51
[OK   ] A_Level/History/8HI01_2008_to_2016/Edexcel_ALEVEL_History_8HI01_2008_to_2016_LEGACY.pdf  method=legacy sec=1 files=67
[OK   ] A_Level/History/9HI0_2017_to_PRESENT/Edexcel_ALEVEL_History_9HI0_2017_to_PRESENT_CURRENT.pdf  method=toc sec=2 files=42
[EMPTY] A_Level/Mathematics/8371_2005_to_2012/Edexcel_ALEVEL_Mathematics_8371_2005_to_2012_LEGACY.pdf  method=none sec=0 files=0  !No syllabus sub-topics located.
[OK   ] A_Level/Mathematics/9371_2013_to_2016/Edexcel_ALEVEL_Mathematics_9371_2013_to_2016_LEGACY.pdf  method=legacy sec=1 files=18
[OK   ] A_Level/Mathematics/9MA0_2017_to_PRESENT/Edexcel_ALEVEL_Mathematics_9MA0_2017_to_PRESENT_CURRENT.pdf  method=toc sec=1 files=20
[OK   ] A_Level/Music/8MU01_2008_to_2016/Edexcel_ALEVEL_Music_8MU01_2008_to_2016_LEGACY.pdf  method=legacy sec=1 files=34
[OK   ] A_Level/Music/9MU0_2017_to_PRESENT/Edexcel_ALEVEL_Music_9MU0_2017_to_PRESENT_CURRENT.pdf  method=toc sec=1 files=11
[OK   ] A_Level/Physical_Education/8PE01_2008_to_2016/Edexcel_ALEVEL_Physical_Education_8PE01_2008_to_2016_LEGACY.pdf  method=legacy sec=1 files=17
MuPDF error: format error: No common ancestor in structure tree

MuPDF error: format error: No common ancestor in structure tree

MuPDF error: format error: No common ancestor in structure tree

MuPDF error: format error: No common ancestor in structure tree

MuPDF error: format error: No common ancestor in structure tree

MuPDF error: format error: No common ancestor in structure tree

MuPDF error: format error: No common ancestor in structure tree

MuPDF error: format error: No common ancestor in structure tree

MuPDF error: format error: No common ancestor in structure tree

MuPDF error: format error: No common ancestor in structure tree

MuPDF error: format error: No common ancestor in structure tree

MuPDF error: format error: No common ancestor in structure tree

MuPDF error: format error: No common ancestor in structure tree

MuPDF error: format error: No common ancestor in structure tree

MuPDF error: format error: No common ancestor in structure tree

MuPDF error: format error: No common ancestor in structure tree

MuPDF error: format error: No common ancestor in structure tree

MuPDF error: format error: No common ancestor in structure tree

MuPDF error: format error: No common ancestor in structure tree

MuPDF error: format error: No common ancestor in structure tree

MuPDF error: format error: No common ancestor in structure tree

MuPDF error: format error: No common ancestor in structure tree

MuPDF error: format error: No common ancestor in structure tree

MuPDF error: format error: No common ancestor in structure tree

MuPDF error: format error: No common ancestor in structure tree

MuPDF error: format error: No common ancestor in structure tree

MuPDF error: format error: No common ancestor in structure tree

MuPDF error: format error: No common ancestor in structure tree

MuPDF error: format error: No common ancestor in structure tree

MuPDF error: format error: No common ancestor in structure tree

MuPDF error: format error: No common ancestor in structure tree

MuPDF error: format error: No common ancestor in structure tree

MuPDF error: format error: No common ancestor in structure tree

MuPDF error: format error: No common ancestor in structure tree

MuPDF error: format error: No common ancestor in structure tree

[OK   ] A_Level/Physical_Education/9PE0_2017_to_PRESENT/Edexcel_ALEVEL_Physical_Education_9PE0_2017_to_PRESENT_CURRENT.pdf  method=toc sec=1 files=34
[OK   ] A_Level/Physics/8PH01_2008_to_2016/Edexcel_ALEVEL_Physics_8PH01_2008_to_2016_LEGACY.pdf  method=legacy sec=1 files=51
[OK   ] A_Level/Physics/9PH0_2017_to_PRESENT/Edexcel_ALEVEL_Physics_9PH0_2017_to_PRESENT_CURRENT.pdf  method=toc sec=1 files=15
[OK   ] A_Level/Politics/8GP01_2008_to_2016/Edexcel_ALEVEL_Politics_8GP01_2008_to_2016_LEGACY.pdf  method=legacy sec=1 files=15
[OK   ] A_Level/Politics/9PL0_2017_to_PRESENT/Edexcel_ALEVEL_Politics_9PL0_2017_to_PRESENT_CURRENT.pdf  method=toc sec=1 files=4
[OK   ] A_Level/Psychology/8PS01_2008_to_2016/Edexcel_ALEVEL_Psychology_8PS01_2008_to_2016_LEGACY.pdf  method=legacy sec=1 files=14
MuPDF error: format error: No common ancestor in structure tree

MuPDF error: format error: No common ancestor in structure tree

MuPDF error: format error: No common ancestor in structure tree

MuPDF error: format error: No common ancestor in structure tree

MuPDF error: format error: No common ancestor in structure tree

MuPDF error: format error: No common ancestor in structure tree

MuPDF error: format error: No common ancestor in structure tree

MuPDF error: format error: No common ancestor in structure tree

MuPDF error: format error: No common ancestor in structure tree

MuPDF error: format error: No common ancestor in structure tree

MuPDF error: format error: No common ancestor in structure tree

MuPDF error: format error: No common ancestor in structure tree

MuPDF error: format error: No common ancestor in structure tree

MuPDF error: format error: No common ancestor in structure tree

MuPDF error: format error: No common ancestor in structure tree

MuPDF error: format error: No common ancestor in structure tree

MuPDF error: format error: No common ancestor in structure tree

MuPDF error: format error: No common ancestor in structure tree

MuPDF error: format error: No common ancestor in structure tree

MuPDF error: format error: No common ancestor in structure tree

MuPDF error: format error: No common ancestor in structure tree

MuPDF error: format error: No common ancestor in structure tree

MuPDF error: format error: No common ancestor in structure tree

MuPDF error: format error: No common ancestor in structure tree

MuPDF error: format error: No common ancestor in structure tree

MuPDF error: format error: No common ancestor in structure tree

MuPDF error: format error: No common ancestor in structure tree

MuPDF error: format error: No common ancestor in structure tree

MuPDF error: format error: No common ancestor in structure tree

MuPDF error: format error: No common ancestor in structure tree

MuPDF error: format error: No common ancestor in structure tree

MuPDF error: format error: No common ancestor in structure tree

MuPDF error: format error: No common ancestor in structure tree

MuPDF error: format error: No common ancestor in structure tree

MuPDF error: format error: No common ancestor in structure tree

MuPDF error: format error: No common ancestor in structure tree

MuPDF error: format error: No common ancestor in structure tree

MuPDF error: format error: No common ancestor in structure tree

MuPDF error: format error: No common ancestor in structure tree

MuPDF error: format error: No common ancestor in structure tree

MuPDF error: format error: No common ancestor in structure tree

MuPDF error: format error: No common ancestor in structure tree

[OK   ] A_Level/Psychology/9PS0_2017_to_PRESENT/Edexcel_ALEVEL_Psychology_9PS0_2017_to_PRESENT_CURRENT.pdf  method=font sec=1 files=51
[OK   ] A_Level/Religious_Studies/9RS0_2017_to_PRESENT/Edexcel_ALEVEL_Religious_Studies_9RS0_2017_to_PRESENT_CURRENT.pdf  method=toc sec=1 files=54
[OK   ] A_Level/Spanish/9SP0_2017_to_PRESENT/Edexcel_ALEVEL_Spanish_9SP0_2017_to_PRESENT_CURRENT.pdf  method=toc sec=1 files=9
[OK   ] A_Level/Statistics/9ST0_2017_to_PRESENT/Edexcel_ALEVEL_Statistics_9ST0_2017_to_PRESENT_CURRENT.pdf  method=toc sec=1 files=22
[OK   ] GCSE/Art_and_Design/1AD0_2017_to_PRESENT/Edexcel_GCSE_Art_and_Design_1AD0_2017_to_PRESENT_CURRENT.pdf  method=toc sec=1 files=3
[EMPTY] GCSE/Art_and_Design/NA_2011_to_2016/Edexcel_GCSE_Art_and_Design_NA_2011_to_2016_LEGACY.pdf  method=none sec=0 files=0  !No syllabus sub-topics located.
[OK   ] GCSE/Biology/1BI0_2017_to_PRESENT/Edexcel_GCSE_Biology_1BI0_2017_to_PRESENT_CURRENT.pdf  method=numbered sec=1 files=10
[OK   ] GCSE/Biology/2BI01_2012_to_2016/Edexcel_GCSE_Biology_2BI01_2012_to_2016_LEGACY.pdf  method=toc sec=1 files=6
[OK   ] GCSE/Business_Studies/1BS0_2017_to_PRESENT/Edexcel_GCSE_Business_Studies_1BS0_2017_to_PRESENT_CURRENT.pdf  method=toc sec=1 files=39
[EMPTY] GCSE/Business_Studies/2BS01_2012_to_2016/Edexcel_GCSE_Business_Studies_2BS01_2012_to_2016_LEGACY.pdf  method=none sec=0 files=0  !No syllabus sub-topics located.
[OK   ] GCSE/Chemistry/1CH0_2017_to_PRESENT/Edexcel_GCSE_Chemistry_1CH0_2017_to_PRESENT_CURRENT.pdf  method=numbered sec=1 files=10
[OK   ] GCSE/Chemistry/2CH01_2012_to_2016/Edexcel_GCSE_Chemistry_2CH01_2012_to_2016_LEGACY.pdf  method=toc sec=1 files=6
[OK   ] GCSE/Computer_Science/1CP2_2017_to_PRESENT/Edexcel_GCSE_Computer_Science_1CP2_2017_to_PRESENT_CURRENT.pdf  method=numbered sec=1 files=21
[OK   ] GCSE/Computer_Science/2CP01_2012_to_2016/Edexcel_GCSE_Computer_Science_2CP01_2012_to_2016_LEGACY.pdf  method=font sec=1 files=18
[OK   ] GCSE/Design_and_Technology/1DT0_2017_to_PRESENT/Edexcel_GCSE_Design_and_Technology_1DT0_2017_to_PRESENT_CURRENT.pdf  method=toc sec=1 files=76
[EMPTY] GCSE/Design_and_Technology/NA_2011_to_2016/Edexcel_GCSE_Design_and_Technology_NA_2011_to_2016_LEGACY.pdf  method=none sec=0 files=0  !No syllabus sub-topics located.
MuPDF error: format error: No common ancestor in structure tree

MuPDF error: format error: No common ancestor in structure tree

MuPDF error: format error: No common ancestor in structure tree

MuPDF error: format error: No common ancestor in structure tree

MuPDF error: format error: No common ancestor in structure tree

MuPDF error: format error: No common ancestor in structure tree

MuPDF error: format error: No common ancestor in structure tree

MuPDF error: format error: No common ancestor in structure tree

MuPDF error: format error: No common ancestor in structure tree

MuPDF error: format error: No common ancestor in structure tree

MuPDF error: format error: No common ancestor in structure tree

MuPDF error: format error: No common ancestor in structure tree

MuPDF error: format error: No common ancestor in structure tree

MuPDF error: format error: No common ancestor in structure tree

MuPDF error: format error: No common ancestor in structure tree

MuPDF error: format error: No common ancestor in structure tree

MuPDF error: format error: No common ancestor in structure tree

MuPDF error: format error: No common ancestor in structure tree

MuPDF error: format error: No common ancestor in structure tree

MuPDF error: format error: No common ancestor in structure tree

MuPDF error: format error: No common ancestor in structure tree

MuPDF error: format error: No common ancestor in structure tree

MuPDF error: format error: No common ancestor in structure tree

MuPDF error: format error: No common ancestor in structure tree

MuPDF error: format error: No common ancestor in structure tree

MuPDF error: format error: No common ancestor in structure tree

MuPDF error: format error: No common ancestor in structure tree

MuPDF error: format error: No common ancestor in structure tree

[OK   ] GCSE/Drama/1DR0_2017_to_PRESENT/Edexcel_GCSE_Drama_1DR0_2017_to_PRESENT_CURRENT.pdf  method=font sec=1 files=6
[OK   ] GCSE/Economics/NA_2009_to_2016/Edexcel_GCSE_Economics_NA_2009_to_2016_LEGACY.pdf  method=font sec=1 files=2
MuPDF error: format error: No common ancestor in structure tree

MuPDF error: format error: No common ancestor in structure tree

MuPDF error: format error: No common ancestor in structure tree

MuPDF error: format error: No common ancestor in structure tree

MuPDF error: format error: No common ancestor in structure tree

MuPDF error: format error: No common ancestor in structure tree

MuPDF error: format error: No common ancestor in structure tree

MuPDF error: format error: No common ancestor in structure tree

[OK   ] GCSE/English_Language/1EN0_2017_to_PRESENT/Edexcel_GCSE_English_Language_1EN0_2017_to_PRESENT_CURRENT.pdf  method=toc sec=1 files=7
[OK   ] GCSE/English_Language/2EN01_2012_to_2016/Edexcel_GCSE_English_Language_2EN01_2012_to_2016_LEGACY.pdf  method=legacy sec=1 files=4
[OK   ] GCSE/English_Literature/1ET0_2017_to_PRESENT/Edexcel_GCSE_English_Literature_1ET0_2017_to_PRESENT_CURRENT.pdf  method=toc sec=1 files=7
[OK   ] GCSE/English_Literature/2ET01_2012_to_2016/Edexcel_GCSE_English_Literature_2ET01_2012_to_2016_LEGACY.pdf  method=legacy sec=1 files=4
[OK   ] GCSE/French/1FR1_2017_to_PRESENT/Edexcel_GCSE_French_1FR1_2017_to_PRESENT_CURRENT.pdf  method=font sec=1 files=7
[OK   ] GCSE/French/2FR01_2012_to_2016/Edexcel_GCSE_French_2FR01_2012_to_2016_LEGACY.pdf  method=toc sec=1 files=2
MuPDF error: format error: No common ancestor in structure tree

MuPDF error: format error: No common ancestor in structure tree

MuPDF error: format error: No common ancestor in structure tree

MuPDF error: format error: No common ancestor in structure tree

MuPDF error: format error: No common ancestor in structure tree

MuPDF error: format error: No common ancestor in structure tree

MuPDF error: format error: No common ancestor in structure tree

MuPDF error: format error: No common ancestor in structure tree

MuPDF error: format error: No common ancestor in structure tree

MuPDF error: format error: No common ancestor in structure tree

MuPDF error: format error: No common ancestor in structure tree

MuPDF error: format error: No common ancestor in structure tree

MuPDF error: format error: No common ancestor in structure tree

MuPDF error: format error: No common ancestor in structure tree

MuPDF error: format error: No common ancestor in structure tree

MuPDF error: format error: No common ancestor in structure tree

MuPDF error: format error: No common ancestor in structure tree

MuPDF error: format error: No common ancestor in structure tree

MuPDF error: format error: No common ancestor in structure tree

MuPDF error: format error: No common ancestor in structure tree

MuPDF error: format error: No common ancestor in structure tree

MuPDF error: format error: No common ancestor in structure tree

[OK   ] GCSE/Geography/1GA0_2017_to_PRESENT/Edexcel_GCSE_Geography_1GA0_2017_to_PRESENT_CURRENT.pdf  method=font sec=1 files=62
[EMPTY] GCSE/Geography/2GE01_2012_to_2016/Edexcel_GCSE_Geography_2GE01_2012_to_2016_LEGACY.pdf  method=none sec=0 files=0  !No syllabus sub-topics located.
MuPDF error: format error: No common ancestor in structure tree

MuPDF error: format error: No common ancestor in structure tree

MuPDF error: format error: No common ancestor in structure tree

MuPDF error: format error: No common ancestor in structure tree

MuPDF error: format error: No common ancestor in structure tree

MuPDF error: format error: No common ancestor in structure tree

MuPDF error: format error: No common ancestor in structure tree

MuPDF error: format error: No common ancestor in structure tree

MuPDF error: format error: No common ancestor in structure tree

MuPDF error: format error: No common ancestor in structure tree

MuPDF error: format error: No common ancestor in structure tree

MuPDF error: format error: No common ancestor in structure tree

MuPDF error: format error: No common ancestor in structure tree

MuPDF error: format error: No common ancestor in structure tree

MuPDF error: format error: No common ancestor in structure tree

MuPDF error: format error: No common ancestor in structure tree

MuPDF error: format error: No common ancestor in structure tree

MuPDF error: format error: No common ancestor in structure tree

MuPDF error: format error: No common ancestor in structure tree

MuPDF error: format error: No common ancestor in structure tree

MuPDF error: format error: No common ancestor in structure tree

MuPDF error: format error: No common ancestor in structure tree

MuPDF error: format error: No common ancestor in structure tree

MuPDF error: format error: No common ancestor in structure tree

MuPDF error: format error: No common ancestor in structure tree

MuPDF error: format error: No common ancestor in structure tree

MuPDF error: format error: No common ancestor in structure tree

MuPDF error: format error: No common ancestor in structure tree

MuPDF error: format error: No common ancestor in structure tree

MuPDF error: format error: No common ancestor in structure tree

MuPDF error: format error: No common ancestor in structure tree

MuPDF error: format error: No common ancestor in structure tree

MuPDF error: format error: No common ancestor in structure tree

MuPDF error: format error: No common ancestor in structure tree

MuPDF error: format error: No common ancestor in structure tree

MuPDF error: format error: No common ancestor in structure tree

MuPDF error: format error: No common ancestor in structure tree

MuPDF error: format error: No common ancestor in structure tree

MuPDF error: format error: No common ancestor in structure tree

[OK   ] GCSE/History/1HI0_2017_to_PRESENT/Edexcel_GCSE_History_1HI0_2017_to_PRESENT_CURRENT.pdf  method=numbered sec=1 files=18
[EMPTY] GCSE/History/2HI01_2012_to_2016/Edexcel_GCSE_History_2HI01_2012_to_2016_LEGACY.pdf  method=none sec=0 files=0  !No syllabus sub-topics located.
[OK   ] GCSE/Mathematics/1380_2006_to_2012/Edexcel_GCSE_Mathematics_1380_2006_to_2012_LEGACY.pdf  method=font sec=1 files=13
[OK   ] GCSE/Mathematics/1MA1_2017_to_PRESENT/Edexcel_GCSE_Mathematics_1MA1_2017_to_PRESENT_CURRENT.pdf  method=toc sec=3 files=7
[OK   ] GCSE/Music/1MU0_2017_to_PRESENT/Edexcel_GCSE_Music_1MU0_2017_to_PRESENT_CURRENT.pdf  method=toc sec=1 files=9
[OK   ] GCSE/Music/NA_2011_to_2016/Edexcel_GCSE_Music_NA_2011_to_2016_LEGACY.pdf  method=legacy sec=1 files=7
MuPDF error: format error: No common ancestor in structure tree

MuPDF error: format error: No common ancestor in structure tree

MuPDF error: format error: No common ancestor in structure tree

MuPDF error: format error: No common ancestor in structure tree

MuPDF error: format error: No common ancestor in structure tree

MuPDF error: format error: No common ancestor in structure tree

MuPDF error: format error: No common ancestor in structure tree

MuPDF error: format error: No common ancestor in structure tree

MuPDF error: format error: No common ancestor in structure tree

MuPDF error: format error: No common ancestor in structure tree

MuPDF error: format error: No common ancestor in structure tree

[OK   ] GCSE/Physical_Education/1PE0_2017_to_PRESENT/Edexcel_GCSE_Physical_Education_1PE0_2017_to_PRESENT_CURRENT.pdf  method=toc sec=1 files=25
[OK   ] GCSE/Physics/1PH0_2017_to_PRESENT/Edexcel_GCSE_Physics_1PH0_2017_to_PRESENT_CURRENT.pdf  method=numbered sec=1 files=16
[OK   ] GCSE/Physics/2PH01_2012_to_2016/Edexcel_GCSE_Physics_2PH01_2012_to_2016_LEGACY.pdf  method=legacy sec=1 files=16
[OK   ] GCSE/Psychology/1PY0_2017_to_PRESENT/Edexcel_GCSE_Psychology_1PY0_2017_to_PRESENT_CURRENT.pdf  method=numbered sec=1 files=28
[OK   ] GCSE/Psychology/NA_2013_to_2016/Edexcel_GCSE_Psychology_NA_2013_to_2016_LEGACY.pdf  method=font sec=1 files=6
[OK   ] GCSE/Religious_Studies/1RA0_2017_to_PRESENT/Edexcel_GCSE_Religious_Studies_1RA0_2017_to_PRESENT_CURRENT.pdf  method=numbered sec=1 files=22
[OK   ] GCSE/Religious_Studies/1RB0_2012_to_2016/Edexcel_GCSE_Religious_Studies_1RB0_2012_to_2016_LEGACY.pdf  method=numbered sec=1 files=33
[OK   ] GCSE/Religious_Studies/2RS01_2012_to_2016/Edexcel_GCSE_Religious_Studies_2RS01_2012_to_2016_LEGACY.pdf  method=font sec=1 files=65
[OK   ] GCSE/Spanish/1SP0_2017_to_PRESENT/Edexcel_GCSE_Spanish_1SP0_2017_to_PRESENT_CURRENT.pdf  method=toc sec=1 files=5
[OK   ] GCSE/Spanish/1SP1_2017_to_PRESENT/Edexcel_GCSE_Spanish_1SP1_2017_to_PRESENT_CURRENT.pdf  method=font sec=1 files=7
[OK   ] GCSE/Spanish/2SP01_2012_to_2016/Edexcel_GCSE_Spanish_2SP01_2012_to_2016_LEGACY.pdf  method=font sec=3 files=2
[OK   ] GCSE/Statistics/1ST0_2017_to_PRESENT/Edexcel_GCSE_Statistics_1ST0_2017_to_PRESENT_CURRENT.pdf  method=numbered sec=1 files=13
[OK   ] GCSE/Statistics/NA_2011_to_2016/Edexcel_GCSE_Statistics_NA_2011_to_2016_LEGACY.pdf  method=font sec=1 files=15
[OK   ] IGCSE/Biology/Linear/4BI0_2009_to_2016/Edexcel_IGCSE_Biology_4BI0_2009_to_2016_LEGACY.pdf  method=toc sec=1 files=5
MuPDF error: format error: No common ancestor in structure tree

MuPDF error: format error: No common ancestor in structure tree

MuPDF error: format error: No common ancestor in structure tree

MuPDF error: format error: No common ancestor in structure tree

MuPDF error: format error: No common ancestor in structure tree

MuPDF error: format error: No common ancestor in structure tree

MuPDF error: format error: No common ancestor in structure tree

MuPDF error: format error: No common ancestor in structure tree

MuPDF error: format error: No common ancestor in structure tree

MuPDF error: format error: No common ancestor in structure tree

MuPDF error: format error: No common ancestor in structure tree

MuPDF error: format error: No common ancestor in structure tree

MuPDF error: format error: No common ancestor in structure tree

MuPDF error: format error: No common ancestor in structure tree

MuPDF error: format error: No common ancestor in structure tree

MuPDF error: format error: No common ancestor in structure tree

MuPDF error: format error: No common ancestor in structure tree

MuPDF error: format error: No common ancestor in structure tree

[OK   ] IGCSE/Biology/Linear/4BI1_2017_to_PRESENT/Edexcel_IGCSE_Biology_4BI1_2017_to_PRESENT_CURRENT.pdf  method=numbered sec=1 files=23
[OK   ] IGCSE/Business_Studies/Linear/4BS0_2011_to_2016/Edexcel_IGCSE_Business_Studies_4BS0_2011_to_2016_LEGACY.pdf  method=toc sec=2 files=28
MuPDF error: format error: No common ancestor in structure tree

MuPDF error: format error: No common ancestor in structure tree

MuPDF error: format error: No common ancestor in structure tree

MuPDF error: format error: No common ancestor in structure tree

MuPDF error: format error: No common ancestor in structure tree

MuPDF error: format error: No common ancestor in structure tree

MuPDF error: format error: No common ancestor in structure tree

MuPDF error: format error: No common ancestor in structure tree

MuPDF error: format error: No common ancestor in structure tree

MuPDF error: format error: No common ancestor in structure tree

MuPDF error: format error: No common ancestor in structure tree

MuPDF error: format error: No common ancestor in structure tree

MuPDF error: format error: No common ancestor in structure tree

MuPDF error: format error: No common ancestor in structure tree

[OK   ] IGCSE/Business_Studies/Linear/4BS1_2017_to_PRESENT/Edexcel_IGCSE_Business_Studies_4BS1_2017_to_PRESENT_CURRENT.pdf  method=numbered sec=1 files=26
[OK   ] IGCSE/Chemistry/Linear/4CH0_2009_to_2016/Edexcel_IGCSE_Chemistry_4CH0_2009_to_2016_LEGACY.pdf  method=toc sec=1 files=6
MuPDF error: format error: No common ancestor in structure tree

MuPDF error: format error: No common ancestor in structure tree

MuPDF error: format error: No common ancestor in structure tree

MuPDF error: format error: No common ancestor in structure tree

MuPDF error: format error: No common ancestor in structure tree

MuPDF error: format error: No common ancestor in structure tree

MuPDF error: format error: No common ancestor in structure tree

MuPDF error: format error: No common ancestor in structure tree

MuPDF error: format error: No common ancestor in structure tree

MuPDF error: format error: No common ancestor in structure tree

MuPDF error: format error: No common ancestor in structure tree

MuPDF error: format error: No common ancestor in structure tree

MuPDF error: format error: No common ancestor in structure tree

MuPDF error: format error: No common ancestor in structure tree

MuPDF error: format error: No common ancestor in structure tree

MuPDF error: format error: No common ancestor in structure tree

MuPDF error: format error: No common ancestor in structure tree

[OK   ] IGCSE/Chemistry/Linear/4CH1_2017_to_PRESENT/Edexcel_IGCSE_Chemistry_4CH1_2017_to_PRESENT_CURRENT.pdf  method=numbered sec=1 files=29
[OK   ] IGCSE/Computer_Science/Linear/4CP0_2013_to_2016/Edexcel_IGCSE_Computer_Science_4CP0_2013_to_2016_LEGACY.pdf  method=numbered sec=1 files=22
[OK   ] IGCSE/Economics/Linear/4EC0_2011_to_2016/Edexcel_IGCSE_Economics_4EC0_2011_to_2016_LEGACY.pdf  method=toc sec=2 files=2
MuPDF error: format error: No common ancestor in structure tree

MuPDF error: format error: No common ancestor in structure tree

MuPDF error: format error: No common ancestor in structure tree

MuPDF error: format error: No common ancestor in structure tree

MuPDF error: format error: No common ancestor in structure tree

MuPDF error: format error: No common ancestor in structure tree

MuPDF error: format error: No common ancestor in structure tree

MuPDF error: format error: No common ancestor in structure tree

MuPDF error: format error: No common ancestor in structure tree

MuPDF error: format error: No common ancestor in structure tree

MuPDF error: format error: No common ancestor in structure tree

MuPDF error: format error: No common ancestor in structure tree

MuPDF error: format error: No common ancestor in structure tree

MuPDF error: format error: No common ancestor in structure tree

MuPDF error: format error: No common ancestor in structure tree

MuPDF error: format error: No common ancestor in structure tree

MuPDF error: format error: No common ancestor in structure tree

MuPDF error: format error: No common ancestor in structure tree

MuPDF error: format error: No common ancestor in structure tree

MuPDF error: format error: No common ancestor in structure tree

MuPDF error: format error: No common ancestor in structure tree

MuPDF error: format error: No common ancestor in structure tree

MuPDF error: format error: No common ancestor in structure tree

MuPDF error: format error: No common ancestor in structure tree

[OK   ] IGCSE/Economics/Linear/4EC1_2017_to_PRESENT/Edexcel_IGCSE_Economics_4EC1_2017_to_PRESENT_CURRENT.pdf  method=numbered sec=1 files=19
[OK   ] IGCSE/English_Language/Linear/4EA0_2011_to_2016/Edexcel_IGCSE_English_Language_4EA0_2011_to_2016_LEGACY.pdf  method=toc sec=5 files=10
[OK   ] IGCSE/English_Language/Linear/4EA1_2017_to_PRESENT/Edexcel_IGCSE_English_Language_4EA1_2017_to_PRESENT_CURRENT.pdf  method=numbered sec=1 files=4
[OK   ] IGCSE/English_Literature/Linear/4ET1_2017_to_PRESENT/Edexcel_IGCSE_English_Literature_4ET1_2017_to_PRESENT_CURRENT.pdf  method=numbered sec=1 files=6
[OK   ] IGCSE/French/Linear/4FR0_2011_to_2016/Edexcel_IGCSE_French_4FR0_2011_to_2016_LEGACY.pdf  method=toc sec=1 files=5
MuPDF error: format error: No common ancestor in structure tree

MuPDF error: format error: No common ancestor in structure tree

MuPDF error: format error: No common ancestor in structure tree

MuPDF error: format error: No common ancestor in structure tree

MuPDF error: format error: No common ancestor in structure tree

MuPDF error: format error: No common ancestor in structure tree

MuPDF error: format error: No common ancestor in structure tree

MuPDF error: format error: No common ancestor in structure tree

MuPDF error: format error: No common ancestor in structure tree

MuPDF error: format error: No common ancestor in structure tree

MuPDF error: format error: No common ancestor in structure tree

MuPDF error: format error: No common ancestor in structure tree

MuPDF error: format error: No common ancestor in structure tree

MuPDF error: format error: No common ancestor in structure tree

MuPDF error: format error: No common ancestor in structure tree

MuPDF error: format error: No common ancestor in structure tree

MuPDF error: format error: No common ancestor in structure tree

[OK   ] IGCSE/French/Linear/4FR1_2017_to_PRESENT/Edexcel_IGCSE_French_4FR1_2017_to_PRESENT_CURRENT.pdf  method=numbered sec=1 files=12
[OK   ] IGCSE/Further_Mathematics/Linear/4PM0_2011_to_2016/Edexcel_IGCSE_Further_Mathematics_4PM0_2011_to_2016_LEGACY.pdf  method=font sec=2 files=11
[OK   ] IGCSE/Further_Mathematics/Linear/4PM1_2016_to_PRESENT/Edexcel_IGCSE_Further_Mathematics_4PM1_2016_to_PRESENT_CURRENT.pdf  method=numbered sec=1 files=11
[OK   ] IGCSE/Geography/Linear/4GE0_2013_to_2016/Edexcel_IGCSE_Geography_4GE0_2013_to_2016_LEGACY.pdf  method=toc sec=1 files=5
MuPDF error: format error: No common ancestor in structure tree

MuPDF error: format error: No common ancestor in structure tree

MuPDF error: format error: No common ancestor in structure tree

MuPDF error: format error: No common ancestor in structure tree

MuPDF error: format error: No common ancestor in structure tree

MuPDF error: format error: No common ancestor in structure tree

MuPDF error: format error: No common ancestor in structure tree

MuPDF error: format error: No common ancestor in structure tree

MuPDF error: format error: No common ancestor in structure tree

MuPDF error: format error: No common ancestor in structure tree

MuPDF error: format error: No common ancestor in structure tree

MuPDF error: format error: No common ancestor in structure tree

MuPDF error: format error: No common ancestor in structure tree

MuPDF error: format error: No common ancestor in structure tree

MuPDF error: format error: No common ancestor in structure tree

MuPDF error: format error: No common ancestor in structure tree

MuPDF error: format error: No common ancestor in structure tree

MuPDF error: format error: No common ancestor in structure tree

MuPDF error: format error: No common ancestor in structure tree

MuPDF error: format error: No common ancestor in structure tree

MuPDF error: format error: No common ancestor in structure tree

[OK   ] IGCSE/Geography/Linear/4GE1_2017_to_PRESENT/Edexcel_IGCSE_Geography_4GE1_2017_to_PRESENT_CURRENT.pdf  method=numbered sec=1 files=30
[OK   ] IGCSE/History/Linear/4HI0_2013_to_2016/Edexcel_IGCSE_History_4HI0_2013_to_2016_LEGACY.pdf  method=toc sec=1 files=10
MuPDF error: format error: No common ancestor in structure tree

MuPDF error: format error: No common ancestor in structure tree

MuPDF error: format error: No common ancestor in structure tree

MuPDF error: format error: No common ancestor in structure tree

MuPDF error: format error: No common ancestor in structure tree

MuPDF error: format error: No common ancestor in structure tree

MuPDF error: format error: No common ancestor in structure tree

MuPDF error: format error: No common ancestor in structure tree

MuPDF error: format error: No common ancestor in structure tree

MuPDF error: format error: No common ancestor in structure tree

MuPDF error: format error: No common ancestor in structure tree

MuPDF error: format error: No common ancestor in structure tree

MuPDF error: format error: No common ancestor in structure tree

MuPDF error: format error: No common ancestor in structure tree

MuPDF error: format error: No common ancestor in structure tree

MuPDF error: format error: No common ancestor in structure tree

MuPDF error: format error: No common ancestor in structure tree

MuPDF error: format error: No common ancestor in structure tree

MuPDF error: format error: No common ancestor in structure tree

MuPDF error: format error: No common ancestor in structure tree

MuPDF error: format error: No common ancestor in structure tree

MuPDF error: format error: No common ancestor in structure tree

MuPDF error: format error: No common ancestor in structure tree

[OK   ] IGCSE/History/Linear/4HI1_2017_to_PRESENT/Edexcel_IGCSE_History_4HI1_2017_to_PRESENT_CURRENT.pdf  method=numbered sec=1 files=22
MuPDF error: format error: No common ancestor in structure tree

MuPDF error: format error: No common ancestor in structure tree

MuPDF error: format error: No common ancestor in structure tree

MuPDF error: format error: No common ancestor in structure tree

MuPDF error: format error: No common ancestor in structure tree

MuPDF error: format error: No common ancestor in structure tree

MuPDF error: format error: No common ancestor in structure tree

MuPDF error: format error: No common ancestor in structure tree

MuPDF error: format error: No common ancestor in structure tree

MuPDF error: format error: No common ancestor in structure tree

MuPDF error: format error: No common ancestor in structure tree

MuPDF error: format error: No common ancestor in structure tree

MuPDF error: format error: No common ancestor in structure tree

MuPDF error: format error: No common ancestor in structure tree

MuPDF error: format error: No common ancestor in structure tree

MuPDF error: format error: No common ancestor in structure tree

MuPDF error: format error: No common ancestor in structure tree

MuPDF error: format error: No common ancestor in structure tree

MuPDF error: format error: No common ancestor in structure tree

MuPDF error: format error: No common ancestor in structure tree

MuPDF error: format error: No common ancestor in structure tree

MuPDF error: format error: No common ancestor in structure tree

MuPDF error: format error: No common ancestor in structure tree

MuPDF error: format error: No common ancestor in structure tree

MuPDF error: format error: No common ancestor in structure tree

[OK   ] IGCSE/Mathematics/Linear/4MA1_2016_to_PRESENT/Edexcel_IGCSE_Mathematics_4MA1_2016_to_PRESENT_CURRENT.pdf  method=numbered sec=1 files=8
[OK   ] IGCSE/Mathematics/Modular/4MA0_2011_to_2016/Edexcel_IGCSE_Mathematics_4MA0_2011_to_2016_LEGACY.pdf  method=toc sec=1 files=47
[OK   ] IGCSE/Physics/Linear/4PH0_2009_to_2016/Edexcel_IGCSE_Physics_4PH0_2009_to_2016_LEGACY.pdf  method=toc sec=1 files=8
MuPDF error: format error: No common ancestor in structure tree

MuPDF error: format error: No common ancestor in structure tree

MuPDF error: format error: No common ancestor in structure tree

MuPDF error: format error: No common ancestor in structure tree

MuPDF error: format error: No common ancestor in structure tree

MuPDF error: format error: No common ancestor in structure tree

MuPDF error: format error: No common ancestor in structure tree

MuPDF error: format error: No common ancestor in structure tree

MuPDF error: format error: No common ancestor in structure tree

MuPDF error: format error: No common ancestor in structure tree

MuPDF error: format error: No common ancestor in structure tree

MuPDF error: format error: No common ancestor in structure tree

MuPDF error: format error: No common ancestor in structure tree

MuPDF error: format error: No common ancestor in structure tree

MuPDF error: format error: No common ancestor in structure tree

MuPDF error: format error: No common ancestor in structure tree

MuPDF error: format error: No common ancestor in structure tree

MuPDF error: format error: No common ancestor in structure tree

MuPDF error: format error: No common ancestor in structure tree

[OK   ] IGCSE/Physics/Linear/4PH1_2017_to_PRESENT/Edexcel_IGCSE_Physics_4PH1_2017_to_PRESENT_CURRENT.pdf  method=toc sec=1 files=28
[OK   ] IGCSE/Spanish/Linear/4SP0_2011_to_2016/Edexcel_IGCSE_Spanish_4SP0_2011_to_2016_LEGACY.pdf  method=toc sec=1 files=5
[OK   ] IGCSE/Spanish/Linear/4SP1_2017_to_PRESENT/Edexcel_IGCSE_Spanish_4SP1_2017_to_PRESENT_CURRENT.pdf  method=numbered sec=1 files=12
[OK   ] International_A_Level/Biology/WBI01_2014_to_2019/Edexcel_IAL_Biology_WBI01_2014_to_2019_LEGACY.pdf  method=legacy sec=1 files=32
[OK   ] International_A_Level/Biology/WBI11_2019_to_PRESENT/Edexcel_IAL_Biology_WBI11_2019_to_PRESENT_CURRENT.pdf  method=toc sec=1 files=11
[OK   ] International_A_Level/Chemistry/WCH01_2014_to_2019/Edexcel_IAL_Chemistry_WCH01_2014_to_2019_LEGACY.pdf  method=legacy sec=1 files=38
[OK   ] International_A_Level/Chemistry/WCH11_2019_to_PRESENT/Edexcel_IAL_Chemistry_WCH11_2019_to_PRESENT_CURRENT.pdf  method=toc sec=1 files=23
[OK   ] International_A_Level/French/WFR01_2014_to_PRESENT/Edexcel_IAL_French_WFR01_2014_to_PRESENT_CURRENT.pdf  method=legacy sec=1 files=13
[OK   ] International_A_Level/Mathematics/WMA01_2013_to_2018/Edexcel_IAL_Mathematics_WMA01_2013_to_2018_LEGACY.pdf  method=legacy sec=1 files=65
[OK   ] International_A_Level/Mathematics/WMA11_2018_to_PRESENT/Edexcel_IAL_Mathematics_WMA11_2018_to_PRESENT_CURRENT.pdf  method=font sec=1 files=98
[OK   ] International_A_Level/Physics/WPH01_2014_to_2019/Edexcel_IAL_Physics_WPH01_2014_to_2019_LEGACY.pdf  method=legacy sec=1 files=45
[OK   ] International_A_Level/Physics/WPH11_2019_to_PRESENT/Edexcel_IAL_Physics_WPH11_2019_to_PRESENT_CURRENT.pdf  method=font sec=2 files=30
[OK   ] International_A_Level/Spanish/WSP01_2014_to_PRESENT/Edexcel_IAL_Spanish_WSP01_2014_to_PRESENT_CURRENT.pdf  method=legacy sec=1 files=13
MuPDF error: format error: No common ancestor in structure tree

MuPDF error: format error: No common ancestor in structure tree

MuPDF error: format error: No common ancestor in structure tree

MuPDF error: format error: No common ancestor in structure tree

MuPDF error: format error: No common ancestor in structure tree

MuPDF error: format error: No common ancestor in structure tree

MuPDF error: format error: No common ancestor in structure tree

MuPDF error: format error: No common ancestor in structure tree

MuPDF error: format error: No common ancestor in structure tree

MuPDF error: format error: No common ancestor in structure tree

MuPDF error: format error: No common ancestor in structure tree

MuPDF error: format error: No common ancestor in structure tree

MuPDF error: format error: No common ancestor in structure tree

MuPDF error: format error: No common ancestor in structure tree

MuPDF error: format error: No common ancestor in structure tree

MuPDF error: format error: No common ancestor in structure tree

MuPDF error: format error: No common ancestor in structure tree

MuPDF error: format error: No common ancestor in structure tree

MuPDF error: format error: No common ancestor in structure tree

MuPDF error: format error: No common ancestor in structure tree

MuPDF error: format error: No common ancestor in structure tree

MuPDF error: format error: No common ancestor in structure tree

MuPDF error: format error: No common ancestor in structure tree

MuPDF error: format error: No common ancestor in structure tree

MuPDF error: format error: No common ancestor in structure tree

MuPDF error: format error: No common ancestor in structure tree

MuPDF error: format error: No common ancestor in structure tree

MuPDF error: format error: No common ancestor in structure tree

MuPDF error: format error: No common ancestor in structure tree

MuPDF error: format error: No common ancestor in structure tree

MuPDF error: format error: No common ancestor in structure tree

MuPDF error: format error: No common ancestor in structure tree

MuPDF error: format error: No common ancestor in structure tree

MuPDF error: format error: No common ancestor in structure tree

MuPDF error: format error: No common ancestor in structure tree

[OK   ] iLowerSecondary/Biology/LSC11_2018_to_PRESENT/Edexcel_ILOWERSEC_Biology_LSC11_2018_to_PRESENT_CURRENT.pdf  method=toc sec=1 files=49
[OK   ] iLowerSecondary/Computer_Science/LCP11_2018_to_PRESENT/Edexcel_ILOWERSEC_Computer_Science_LCP11_2018_to_PRESENT_CURRENT.pdf  method=toc sec=1 files=15
MuPDF error: format error: No common ancestor in structure tree

MuPDF error: format error: No common ancestor in structure tree

[OK   ] iLowerSecondary/English_Language/LEH11_2018_to_PRESENT/Edexcel_ILOWERSEC_English_Language_LEH11_2018_to_PRESENT_CURRENT.pdf  method=toc sec=1 files=10
MuPDF error: format error: No common ancestor in structure tree

MuPDF error: format error: No common ancestor in structure tree

MuPDF error: format error: No common ancestor in structure tree

MuPDF error: format error: No common ancestor in structure tree

MuPDF error: format error: No common ancestor in structure tree

MuPDF error: format error: No common ancestor in structure tree

MuPDF error: format error: No common ancestor in structure tree

MuPDF error: format error: No common ancestor in structure tree

MuPDF error: format error: No common ancestor in structure tree

MuPDF error: format error: No common ancestor in structure tree

MuPDF error: format error: No common ancestor in structure tree

MuPDF error: format error: No common ancestor in structure tree

MuPDF error: format error: No common ancestor in structure tree

MuPDF error: format error: No common ancestor in structure tree

MuPDF error: format error: No common ancestor in structure tree

MuPDF error: format error: No common ancestor in structure tree

MuPDF error: format error: No common ancestor in structure tree

MuPDF error: format error: No common ancestor in structure tree

MuPDF error: format error: No common ancestor in structure tree

MuPDF error: format error: No common ancestor in structure tree

MuPDF error: format error: No common ancestor in structure tree

MuPDF error: format error: No common ancestor in structure tree

MuPDF error: format error: No common ancestor in structure tree

MuPDF error: format error: No common ancestor in structure tree

MuPDF error: format error: No common ancestor in structure tree

MuPDF error: format error: No common ancestor in structure tree

MuPDF error: format error: No common ancestor in structure tree

[OK   ] iLowerSecondary/Mathematics/LMA11_2018_to_PRESENT/Edexcel_ILOWERSEC_Mathematics_LMA11_2018_to_PRESENT_CURRENT.pdf  method=toc sec=1 files=22
MuPDF error: format error: No common ancestor in structure tree

MuPDF error: format error: No common ancestor in structure tree

MuPDF error: format error: No common ancestor in structure tree

MuPDF error: format error: No common ancestor in structure tree

MuPDF error: format error: No common ancestor in structure tree

MuPDF error: format error: No common ancestor in structure tree

MuPDF error: format error: No common ancestor in structure tree

MuPDF error: format error: No common ancestor in structure tree

MuPDF error: format error: No common ancestor in structure tree

MuPDF error: format error: No common ancestor in structure tree

MuPDF error: format error: No common ancestor in structure tree

MuPDF error: format error: No common ancestor in structure tree

MuPDF error: format error: No common ancestor in structure tree

MuPDF error: format error: No common ancestor in structure tree

MuPDF error: format error: No common ancestor in structure tree

MuPDF error: format error: No common ancestor in structure tree

MuPDF error: format error: No common ancestor in structure tree

[OK   ] iPrimary/Biology/JSC11_2018_to_PRESENT/Edexcel_IPRIMARY_Biology_JSC11_2018_to_PRESENT_CURRENT.pdf  method=toc sec=1 files=22
[OK   ] iPrimary/Computer_Science/JCP11_2018_to_PRESENT/Edexcel_IPRIMARY_Computer_Science_JCP11_2018_to_PRESENT_CURRENT.pdf  method=toc sec=1 files=6
MuPDF error: format error: No common ancestor in structure tree

MuPDF error: format error: No common ancestor in structure tree

MuPDF error: format error: No common ancestor in structure tree

[OK   ] iPrimary/English_Language/JEH11_2018_to_PRESENT/Edexcel_IPRIMARY_English_Language_JEH11_2018_to_PRESENT_CURRENT.pdf  method=toc sec=1 files=12
MuPDF error: format error: No common ancestor in structure tree

MuPDF error: format error: No common ancestor in structure tree

MuPDF error: format error: No common ancestor in structure tree

MuPDF error: format error: No common ancestor in structure tree

MuPDF error: format error: No common ancestor in structure tree

MuPDF error: format error: No common ancestor in structure tree

MuPDF error: format error: No common ancestor in structure tree

MuPDF error: format error: No common ancestor in structure tree

MuPDF error: format error: No common ancestor in structure tree

MuPDF error: format error: No common ancestor in structure tree

MuPDF error: format error: No common ancestor in structure tree

MuPDF error: format error: No common ancestor in structure tree

MuPDF error: format error: No common ancestor in structure tree

MuPDF error: format error: No common ancestor in structure tree

MuPDF error: format error: No common ancestor in structure tree

[OK   ] iPrimary/Mathematics/JMA11_2018_to_PRESENT/Edexcel_IPRIMARY_Mathematics_JMA11_2018_to_PRESENT_CURRENT.pdf  method=toc sec=1 files=16

=== DONE: 123 PDFs | OK=117 EMPTY=6 ERROR=0 ===
Syllabus PDFs written under: C:\Users\kanza\Desktop\syllabus(ib,edexcel,ocr,aqa)\Syllabuses\Edexcel\extracted_syllabus_pdf_edexcel
